// Jest Snapshot v1, https://goo.gl/fbAQLP

exports[`renders and execute function without crashing render without crashing 1`] = `
ShallowWrapper {
  Symbol(enzyme.__root__): [Circular],
  Symbol(enzyme.__unrendered__): <Header />,
  Symbol(enzyme.__renderer__): Object {
    "batchedUpdates": [Function],
    "getNode": [Function],
    "render": [Function],
    "simulateError": [Function],
    "simulateEvent": [Function],
    "unmount": [Function],
  },
  Symbol(enzyme.__node__): Object {
    "instance": null,
    "key": undefined,
    "nodeType": "function",
    "props": Object {
      "children": Array [
        undefined,
        <ul
          className="header"
        >
          <li>
            <NavLink
              activeClassName="active"
              aria-current="page"
              exact={true}
              to="/posts"
            >
              Posts
            </NavLink>
          </li>
          <li>
            <NavLink
              activeClassName="active"
              aria-current="page"
              exact={true}
              to="/addPost"
            >
              Add post
            </NavLink>
          </li>
          <li
            onClick={[Function]}
          >
            <div>
              Logout
            </div>
          </li>
        </ul>,
      ],
    },
    "ref": null,
    "rendered": Array [
      undefined,
      Object {
        "instance": null,
        "key": undefined,
        "nodeType": "host",
        "props": Object {
          "children": Array [
            <li>
              <NavLink
                activeClassName="active"
                aria-current="page"
                exact={true}
                to="/posts"
              >
                Posts
              </NavLink>
            </li>,
            <li>
              <NavLink
                activeClassName="active"
                aria-current="page"
                exact={true}
                to="/addPost"
              >
                Add post
              </NavLink>
            </li>,
            <li
              onClick={[Function]}
            >
              <div>
                Logout
              </div>
            </li>,
          ],
          "className": "header",
        },
        "ref": null,
        "rendered": Array [
          Object {
            "instance": null,
            "key": undefined,
            "nodeType": "host",
            "props": Object {
              "children": <NavLink
                activeClassName="active"
                aria-current="page"
                exact={true}
                to="/posts"
              >
                Posts
              </NavLink>,
            },
            "ref": null,
            "rendered": Object {
              "instance": null,
              "key": undefined,
              "nodeType": "function",
              "props": Object {
                "activeClassName": "active",
                "aria-current": "page",
                "children": "Posts",
                "exact": true,
                "to": "/posts",
              },
              "ref": null,
              "rendered": "Posts",
              "type": [Function],
            },
            "type": "li",
          },
          Object {
            "instance": null,
            "key": undefined,
            "nodeType": "host",
            "props": Object {
              "children": <NavLink
                activeClassName="active"
                aria-current="page"
                exact={true}
                to="/addPost"
              >
                Add post
              </NavLink>,
            },
            "ref": null,
            "rendered": Object {
              "instance": null,
              "key": undefined,
              "nodeType": "function",
              "props": Object {
                "activeClassName": "active",
                "aria-current": "page",
                "children": "Add post",
                "exact": true,
                "to": "/addPost",
              },
              "ref": null,
              "rendered": "Add post",
              "type": [Function],
            },
            "type": "li",
          },
          Object {
            "instance": null,
            "key": undefined,
            "nodeType": "host",
            "props": Object {
              "children": <div>
                Logout
              </div>,
              "onClick": [Function],
            },
            "ref": null,
            "rendered": Object {
              "instance": null,
              "key": undefined,
              "nodeType": "host",
              "props": Object {
                "children": "Logout",
              },
              "ref": null,
              "rendered": "Logout",
              "type": "div",
            },
            "type": "li",
          },
        ],
        "type": "ul",
      },
    ],
    "type": Symbol(react.fragment),
  },
  Symbol(enzyme.__nodes__): Array [
    Object {
      "instance": null,
      "key": undefined,
      "nodeType": "function",
      "props": Object {
        "children": Array [
          undefined,
          <ul
            className="header"
          >
            <li>
              <NavLink
                activeClassName="active"
                aria-current="page"
                exact={true}
                to="/posts"
              >
                Posts
              </NavLink>
            </li>
            <li>
              <NavLink
                activeClassName="active"
                aria-current="page"
                exact={true}
                to="/addPost"
              >
                Add post
              </NavLink>
            </li>
            <li
              onClick={[Function]}
            >
              <div>
                Logout
              </div>
            </li>
          </ul>,
        ],
      },
      "ref": null,
      "rendered": Array [
        undefined,
        Object {
          "instance": null,
          "key": undefined,
          "nodeType": "host",
          "props": Object {
            "children": Array [
              <li>
                <NavLink
                  activeClassName="active"
                  aria-current="page"
                  exact={true}
                  to="/posts"
                >
                  Posts
                </NavLink>
              </li>,
              <li>
                <NavLink
                  activeClassName="active"
                  aria-current="page"
                  exact={true}
                  to="/addPost"
                >
                  Add post
                </NavLink>
              </li>,
              <li
                onClick={[Function]}
              >
                <div>
                  Logout
                </div>
              </li>,
            ],
            "className": "header",
          },
          "ref": null,
          "rendered": Array [
            Object {
              "instance": null,
              "key": undefined,
              "nodeType": "host",
              "props": Object {
                "children": <NavLink
                  activeClassName="active"
                  aria-current="page"
                  exact={true}
                  to="/posts"
                >
                  Posts
                </NavLink>,
              },
              "ref": null,
              "rendered": Object {
                "instance": null,
                "key": undefined,
                "nodeType": "function",
                "props": Object {
                  "activeClassName": "active",
                  "aria-current": "page",
                  "children": "Posts",
                  "exact": true,
                  "to": "/posts",
                },
                "ref": null,
                "rendered": "Posts",
                "type": [Function],
              },
              "type": "li",
            },
            Object {
              "instance": null,
              "key": undefined,
              "nodeType": "host",
              "props": Object {
                "children": <NavLink
                  activeClassName="active"
                  aria-current="page"
                  exact={true}
                  to="/addPost"
                >
                  Add post
                </NavLink>,
              },
              "ref": null,
              "rendered": Object {
                "instance": null,
                "key": undefined,
                "nodeType": "function",
                "props": Object {
                  "activeClassName": "active",
                  "aria-current": "page",
                  "children": "Add post",
                  "exact": true,
                  "to": "/addPost",
                },
                "ref": null,
                "rendered": "Add post",
                "type": [Function],
              },
              "type": "li",
            },
            Object {
              "instance": null,
              "key": undefined,
              "nodeType": "host",
              "props": Object {
                "children": <div>
                  Logout
                </div>,
                "onClick": [Function],
              },
              "ref": null,
              "rendered": Object {
                "instance": null,
                "key": undefined,
                "nodeType": "host",
                "props": Object {
                  "children": "Logout",
                },
                "ref": null,
                "rendered": "Logout",
                "type": "div",
              },
              "type": "li",
            },
          ],
          "type": "ul",
        },
      ],
      "type": Symbol(react.fragment),
    },
  ],
  Symbol(enzyme.__options__): Object {
    "adapter": ReactSixteenAdapter {
      "options": Object {
        "enableComponentDidUpdateOnSetState": true,
        "lifecycles": Object {
          "componentDidUpdate": Object {
            "onSetState": true,
          },
          "getDerivedStateFromProps": true,
          "getSnapshotBeforeUpdate": true,
          "setState": Object {
            "skipsComponentDidUpdateOnNullish": true,
          },
        },
      },
    },
  },
}
`;
