// Jest Snapshot v1, https://goo.gl/fbAQLP

exports[`renders without crashing render without crashing 1`] = `
ShallowWrapper {
  Symbol(enzyme.__root__): [Circular],
  Symbol(enzyme.__unrendered__): <PageLayout />,
  Symbol(enzyme.__renderer__): Object {
    "batchedUpdates": [Function],
    "getNode": [Function],
    "render": [Function],
    "simulateError": [Function],
    "simulateEvent": [Function],
    "unmount": [Function],
  },
  Symbol(enzyme.__node__): Object {
    "instance": null,
    "key": undefined,
    "nodeType": "host",
    "props": Object {
      "children": <BrowserRouter>
        <Switch>
          <Route
            component={[Function]}
            exact={true}
            path="/login"
          />
          <Route
            component={[Function]}
            exact={true}
            path="/posts"
          />
          <Route
            component={[Function]}
            exact={true}
            path="/post"
          />
          <Route
            render={[Function]}
          />
        </Switch>
      </BrowserRouter>,
      "className": "container",
    },
    "ref": null,
    "rendered": Object {
      "instance": null,
      "key": undefined,
      "nodeType": "class",
      "props": Object {
        "children": <Switch>
          <Route
            component={[Function]}
            exact={true}
            path="/login"
          />
          <Route
            component={[Function]}
            exact={true}
            path="/posts"
          />
          <Route
            component={[Function]}
            exact={true}
            path="/post"
          />
          <Route
            render={[Function]}
          />
        </Switch>,
      },
      "ref": null,
      "rendered": Object {
        "instance": null,
        "key": undefined,
        "nodeType": "class",
        "props": Object {
          "children": Array [
            Array [
              <Route
                component={[Function]}
                exact={true}
                path="/login"
              />,
              <Route
                component={[Function]}
                exact={true}
                path="/posts"
              />,
              <Route
                component={[Function]}
                exact={true}
                path="/post"
              />,
            ],
            <Route
              render={[Function]}
            />,
          ],
        },
        "ref": null,
        "rendered": Array [
          Object {
            "instance": null,
            "key": "0",
            "nodeType": "class",
            "props": Object {
              "component": [Function],
              "exact": true,
              "path": "/login",
            },
            "ref": null,
            "rendered": null,
            "type": [Function],
          },
          Object {
            "instance": null,
            "key": "1",
            "nodeType": "class",
            "props": Object {
              "component": [Function],
              "exact": true,
              "path": "/posts",
            },
            "ref": null,
            "rendered": null,
            "type": [Function],
          },
          Object {
            "instance": null,
            "key": "2",
            "nodeType": "class",
            "props": Object {
              "component": [Function],
              "exact": true,
              "path": "/post",
            },
            "ref": null,
            "rendered": null,
            "type": [Function],
          },
          Object {
            "instance": null,
            "key": undefined,
            "nodeType": "class",
            "props": Object {
              "render": [Function],
            },
            "ref": null,
            "rendered": null,
            "type": [Function],
          },
        ],
        "type": [Function],
      },
      "type": [Function],
    },
    "type": "div",
  },
  Symbol(enzyme.__nodes__): Array [
    Object {
      "instance": null,
      "key": undefined,
      "nodeType": "host",
      "props": Object {
        "children": <BrowserRouter>
          <Switch>
            <Route
              component={[Function]}
              exact={true}
              path="/login"
            />
            <Route
              component={[Function]}
              exact={true}
              path="/posts"
            />
            <Route
              component={[Function]}
              exact={true}
              path="/post"
            />
            <Route
              render={[Function]}
            />
          </Switch>
        </BrowserRouter>,
        "className": "container",
      },
      "ref": null,
      "rendered": Object {
        "instance": null,
        "key": undefined,
        "nodeType": "class",
        "props": Object {
          "children": <Switch>
            <Route
              component={[Function]}
              exact={true}
              path="/login"
            />
            <Route
              component={[Function]}
              exact={true}
              path="/posts"
            />
            <Route
              component={[Function]}
              exact={true}
              path="/post"
            />
            <Route
              render={[Function]}
            />
          </Switch>,
        },
        "ref": null,
        "rendered": Object {
          "instance": null,
          "key": undefined,
          "nodeType": "class",
          "props": Object {
            "children": Array [
              Array [
                <Route
                  component={[Function]}
                  exact={true}
                  path="/login"
                />,
                <Route
                  component={[Function]}
                  exact={true}
                  path="/posts"
                />,
                <Route
                  component={[Function]}
                  exact={true}
                  path="/post"
                />,
              ],
              <Route
                render={[Function]}
              />,
            ],
          },
          "ref": null,
          "rendered": Array [
            Object {
              "instance": null,
              "key": "0",
              "nodeType": "class",
              "props": Object {
                "component": [Function],
                "exact": true,
                "path": "/login",
              },
              "ref": null,
              "rendered": null,
              "type": [Function],
            },
            Object {
              "instance": null,
              "key": "1",
              "nodeType": "class",
              "props": Object {
                "component": [Function],
                "exact": true,
                "path": "/posts",
              },
              "ref": null,
              "rendered": null,
              "type": [Function],
            },
            Object {
              "instance": null,
              "key": "2",
              "nodeType": "class",
              "props": Object {
                "component": [Function],
                "exact": true,
                "path": "/post",
              },
              "ref": null,
              "rendered": null,
              "type": [Function],
            },
            Object {
              "instance": null,
              "key": undefined,
              "nodeType": "class",
              "props": Object {
                "render": [Function],
              },
              "ref": null,
              "rendered": null,
              "type": [Function],
            },
          ],
          "type": [Function],
        },
        "type": [Function],
      },
      "type": "div",
    },
  ],
  Symbol(enzyme.__options__): Object {
    "adapter": ReactSixteenAdapter {
      "options": Object {
        "enableComponentDidUpdateOnSetState": true,
        "lifecycles": Object {
          "componentDidUpdate": Object {
            "onSetState": true,
          },
          "getDerivedStateFromProps": true,
          "getSnapshotBeforeUpdate": true,
          "setState": Object {
            "skipsComponentDidUpdateOnNullish": true,
          },
        },
      },
    },
  },
}
`;
